BL51 BANKED LINKER/LOCATER V6.22.4.0                                                    09/25/2025  18:04:30  PAGE 1


BL51 BANKED LINKER/LOCATER V6.22.4.0, INVOKED BY:
C:\KEIL_V5\C51\BIN\BL51.EXE .\Objects\STARTUP.obj, .\Objects\main.obj TO .\Objects\test_u1 PRINT (.\Listings\test_u1.m51
>> ) RAMSIZE (256)


MEMORY MODEL: SMALL


INPUT MODULES INCLUDED:
  .\Objects\STARTUP.obj (?C_STARTUP)
  .\Objects\main.obj (MAIN)


LINK MAP OF MODULE:  .\Objects\test_u1 (?C_STARTUP)


            TYPE    BASE      LENGTH    RELOCATION   SEGMENT NAME
            -----------------------------------------------------

            * * * * * * *   D A T A   M E M O R Y   * * * * * * *
            REG     0000H     0008H     ABSOLUTE     "REG BANK 0"
            DATA    0008H     0005H     UNIT         _DATA_GROUP_
            IDATA   000DH     0001H     UNIT         ?STACK

            * * * * * * *   C O D E   M E M O R Y   * * * * * * *
            CODE    0000H     0003H     ABSOLUTE     
            CODE    0003H     0087H     UNIT         ?PR?MAIN?MAIN
            CODE    008AH     0061H     UNIT         ?PR?_SET_ROW?MAIN
            CODE    00EBH     0050H     UNIT         ?CO?MAIN
            CODE    013BH     003AH     UNIT         ?PR?_SEND_SERIAL_DATA?MAIN
            CODE    0175H     0030H     UNIT         ?PR?LED_RUNNING?MAIN
            CODE    01A5H     001BH     UNIT         ?PR?_DELAY_MS?MAIN
            CODE    01C0H     0012H     UNIT         ?PR?_DELAY?MAIN
            CODE    01D2H     000CH     UNIT         ?C_C51STARTUP



OVERLAY MAP OF MODULE:   .\Objects\test_u1 (?C_STARTUP)


SEGMENT                              DATA_GROUP 
  +--> CALLED SEGMENT              START    LENGTH
--------------------------------------------------
?C_C51STARTUP                      -----    -----
  +--> ?PR?MAIN?MAIN

?PR?MAIN?MAIN                      0008H    0003H
  +--> ?PR?LED_RUNNING?MAIN
  +--> ?CO?MAIN
  +--> ?PR?_SEND_SERIAL_DATA?MAIN
  +--> ?PR?_SET_ROW?MAIN
  +--> ?PR?_DELAY?MAIN

?PR?LED_RUNNING?MAIN               000BH    0002H
  +--> ?PR?_DELAY_MS?MAIN

?PR?_SEND_SERIAL_DATA?MAIN         000BH    0002H
  +--> ?PR?_DELAY?MAIN
BL51 BANKED LINKER/LOCATER V6.22.4.0                                                  09/25/2025  18:04:30  PAGE 2





SYMBOL TABLE OF MODULE:  .\Objects\test_u1 (?C_STARTUP)

  VALUE           TYPE          NAME
  ----------------------------------

  -------         MODULE        ?C_STARTUP
  C:01D2H         SEGMENT       ?C_C51STARTUP
  I:000DH         SEGMENT       ?STACK
  C:0000H         PUBLIC        ?C_STARTUP
  D:00E0H         SYMBOL        ACC
  D:00F0H         SYMBOL        B
  D:0083H         SYMBOL        DPH
  D:0082H         SYMBOL        DPL
  N:0000H         SYMBOL        IBPSTACK
  N:0100H         SYMBOL        IBPSTACKTOP
  N:0080H         SYMBOL        IDATALEN
  C:01D5H         SYMBOL        IDATALOOP
  N:0000H         SYMBOL        PBPSTACK
  N:0100H         SYMBOL        PBPSTACKTOP
  N:0000H         SYMBOL        PDATALEN
  N:0000H         SYMBOL        PDATASTART
  N:0000H         SYMBOL        PPAGE
  N:0000H         SYMBOL        PPAGEENABLE
  D:00A0H         SYMBOL        PPAGE_SFR
  D:0081H         SYMBOL        SP
  C:01D2H         SYMBOL        STARTUP1
  N:0000H         SYMBOL        XBPSTACK
  N:0000H         SYMBOL        XBPSTACKTOP
  N:0000H         SYMBOL        XDATALEN
  N:0000H         SYMBOL        XDATASTART
  C:0000H         LINE#         126
  C:01D2H         LINE#         133
  C:01D4H         LINE#         134
  C:01D5H         LINE#         135
  C:01D6H         LINE#         136
  C:01D8H         LINE#         185
  C:01DBH         LINE#         196
  -------         ENDMOD        ?C_STARTUP

  -------         MODULE        MAIN
  C:0000H         SYMBOL        _ICE_DUMMY_
  B:00A0H.0       PUBLIC        S_L
  D:0080H         PUBLIC        P0
  B:00B0H.6       PUBLIC        SRCLK
  D:0090H         PUBLIC        P1
  D:00A0H         PUBLIC        P2
  D:00B0H         PUBLIC        P3
  D:00C0H         PUBLIC        P4
  B:00A0H.1       PUBLIC        S_R
  D:00C8H         PUBLIC        P5
  C:008AH         PUBLIC        _set_row
  C:013BH         PUBLIC        _send_serial_data
  D:00A8H         PUBLIC        IE
  C:01C0H         PUBLIC        _delay
BL51 BANKED LINKER/LOCATER V6.22.4.0                                                  09/25/2025  18:04:30  PAGE 3


  D:00B8H         PUBLIC        IP
  C:0175H         PUBLIC        led_running
  B:00A0H.3       PUBLIC        beep
  D:00D8H         PUBLIC        CCON
  C:0003H         PUBLIC        main
  B:00B0H.4       PUBLIC        RCLK
  D:0098H         PUBLIC        SCON
  D:0088H         PUBLIC        TCON
  C:00EBH         PUBLIC        led
  C:01A5H         PUBLIC        _delay_ms
  B:00B0H.5       PUBLIC        SER
  B:00A0H.6       PUBLIC        A0
  B:00A0H.7       PUBLIC        A1
  B:00B0H.2       PUBLIC        A2
  B:00B0H.3       PUBLIC        A3
  B:00A0H.5       PUBLIC        E0
  D:00D0H         PUBLIC        PSW
  -------         PROC          MAIN
  -------         DO            
  D:0008H         SYMBOL        i
  D:0009H         SYMBOL        j
  D:000AH         SYMBOL        p
  -------         ENDDO         
  C:0003H         LINE#         49
  C:0003H         LINE#         50
  C:0003H         LINE#         53
  C:0006H         LINE#         55
  C:0008H         LINE#         58
  C:0008H         LINE#         59
  C:0008H         LINE#         60
  C:000BH         LINE#         61
  C:000BH         LINE#         62
  C:000EH         LINE#         63
  C:000EH         LINE#         65
  C:0011H         LINE#         66
  C:0014H         LINE#         67
  C:0014H         LINE#         68
  C:0016H         LINE#         69
  C:0038H         LINE#         70
  C:003AH         LINE#         71
  C:003FH         LINE#         72
  C:0042H         LINE#         73
  C:0042H         LINE#         74
  C:0044H         LINE#         75
  C:0044H         LINE#         76
  C:0044H         LINE#         77
  C:0046H         LINE#         79
  C:0046H         LINE#         80
  C:004DH         LINE#         81
  C:004FH         LINE#         82
  C:004FH         LINE#         83
  C:0063H         LINE#         84
  C:0063H         LINE#         86
  C:0063H         LINE#         87
  C:0065H         LINE#         88
  C:0068H         LINE#         89
  C:0068H         LINE#         90
BL51 BANKED LINKER/LOCATER V6.22.4.0                                                  09/25/2025  18:04:30  PAGE 4


  C:006AH         LINE#         91
  C:0071H         LINE#         92
  C:0073H         LINE#         93
  C:0075H         LINE#         95
  C:0075H         LINE#         96
  C:0077H         LINE#         97
  C:0077H         LINE#         98
  C:007EH         LINE#         99
  C:007EH         LINE#         100
  -------         ENDPROC       MAIN
  -------         PROC          _DELAY_MS
  D:0006H         SYMBOL        times
  -------         DO            
  D:0001H         SYMBOL        i
  D:0003H         SYMBOL        j
  D:0004H         SYMBOL        k
  -------         ENDDO         
  C:01A5H         LINE#         109
  C:01A5H         LINE#         110
  C:01A5H         LINE#         113
  C:01AFH         LINE#         114
  C:01AFH         LINE#         115
  C:01B0H         LINE#         116
  C:01B2H         LINE#         117
  C:01B4H         LINE#         119
  C:01B4H         LINE#         120
  C:01B6H         LINE#         121
  C:01B8H         LINE#         122
  C:01BFH         LINE#         123
  -------         ENDPROC       _DELAY_MS
  -------         PROC          LED_RUNNING
  -------         DO            
  D:0002H         SYMBOL        i
  D:000BH         SYMBOL        j
  D:000CH         SYMBOL        led_flag
  -------         ENDDO         
  C:0175H         LINE#         125
  C:0175H         LINE#         126
  C:0175H         LINE#         128
  C:0178H         LINE#         129
  C:017BH         LINE#         130
  C:017DH         LINE#         131
  C:017DH         LINE#         132
  C:0180H         LINE#         133
  C:018DH         LINE#         134
  C:0194H         LINE#         135
  C:01A1H         LINE#         137
  C:01A4H         LINE#         140
  -------         ENDPROC       LED_RUNNING
  -------         PROC          _DELAY
  D:0006H         SYMBOL        i
  -------         DO            
  D:0004H         SYMBOL        k
  -------         ENDDO         
  C:01C0H         LINE#         146
  C:01C0H         LINE#         147
  C:01C0H         LINE#         149
BL51 BANKED LINKER/LOCATER V6.22.4.0                                                  09/25/2025  18:04:30  PAGE 5


  C:01D1H         LINE#         150
  -------         ENDPROC       _DELAY
  -------         PROC          _SEND_SERIAL_DATA
  D:0006H         SYMBOL        tdata
  -------         DO            
  D:0003H         SYMBOL        i
  D:000BH         SYMBOL        serial_data
  -------         ENDDO         
  C:013BH         LINE#         153
  C:013BH         LINE#         154
  C:013BH         LINE#         157
  C:0143H         LINE#         158
  C:0145H         LINE#         159
  C:0145H         LINE#         161
  C:0158H         LINE#         162
  C:015AH         LINE#         163
  C:0161H         LINE#         164
  C:0163H         LINE#         165
  C:0166H         LINE#         166
  C:0168H         LINE#         167
  C:016BH         LINE#         168
  C:016DH         LINE#         169
  C:0170H         LINE#         171
  C:0174H         LINE#         172
  -------         ENDPROC       _SEND_SERIAL_DATA
  -------         PROC          _SET_ROW
  D:0007H         SYMBOL        row
  C:008AH         LINE#         175
  C:008AH         LINE#         176
  C:008AH         LINE#         177
  C:00AFH         LINE#         178
  C:00AFH         LINE#         179
  C:00B5H         LINE#         180
  C:00BBH         LINE#         181
  C:00C1H         LINE#         182
  C:00C7H         LINE#         183
  C:00D0H         LINE#         184
  C:00D9H         LINE#         185
  C:00E2H         LINE#         186
  C:00EAH         LINE#         195
  C:00EAH         LINE#         196
  C:00EAH         LINE#         198
  -------         ENDPROC       _SET_ROW
  -------         ENDMOD        MAIN

Program Size: data=14.0 xdata=0 code=478
LINK/LOCATE RUN COMPLETE.  0 WARNING(S),  0 ERROR(S)
