C51 COMPILER V9.60.7.0   PCF8591                                                           01/21/2025 15:14:53 PAGE 1   


C51 COMPILER V9.60.7.0, COMPILATION OF MODULE PCF8591
OBJECT MODULE PLACED IN .\Objects\pcf8591.obj
COMPILER INVOKED BY: C:\Keil_v5\C51\BIN\C51.EXE pcf8591.c COMPACT OPTIMIZE(8,SPEED) BROWSE INCDIR(..\TEST_U2) DEBUG OBJE
                    -CTEXTEND PRINT(.\Listings\pcf8591.lst) TABS(2) OBJECT(.\Objects\pcf8591.obj)

line level    source

   1          #include "pcf8591.h"
   2          
   3          void Delay10ms(void)  //@11.0592MHz
   4          {
   5   1        unsigned char data i, j;
   6   1      
   7   1        i = 108;
   8   1        j = 145;
   9   1        do
  10   1        {
  11   2          while (--j);
  12   2        } while (--i);
  13   1      }
  14          
  15          void InitPCF8591(void)
  16          {
  17   1        I2C_Start();
  18   1        I2C_send_byte(0x90);
  19   1        Test_ACK();
  20   1        I2C_send_byte(0x43);  //
  21   1        Test_ACK();
  22   1        I2C_Stop();
  23   1      }
  24          
  25          //
  26          unsigned char GetADC(unsigned char channel)
  27          {
  28   1        unsigned char temp;
  29   1        I2C_Start();
  30   1        I2C_send_byte(0x90);
  31   1        Test_ACK();
  32   1        I2C_send_byte(0x40 | channel);  //
  33   1        Test_ACK();
  34   1        //Delay10Ms();
  35   1          
  36   1        I2C_Start();
  37   1        I2C_send_byte(0x91);
  38   1        Test_ACK();
  39   1        temp = I2C_read_byte();
  40   1        Master_ACK(1);
  41   1        I2C_Stop();
  42   1        
  43   1        return temp;
  44   1      }
  45          
  46          /**/
  47          void SetDAC(unsigned char dat)
  48          {
  49   1        I2C_Start();
  50   1        I2C_send_byte(0x90);
  51   1        Test_ACK();
  52   1        I2C_send_byte(0x40);  //
  53   1        Test_ACK();
  54   1        
C51 COMPILER V9.60.7.0   PCF8591                                                           01/21/2025 15:14:53 PAGE 2   

  55   1        I2C_send_byte(dat);
  56   1        Test_ACK();
  57   1        I2C_Stop();
  58   1      }


MODULE INFORMATION:   STATIC OVERLAYABLE
   CODE SIZE        =    129    ----
   CONSTANT SIZE    =   ----    ----
   XDATA SIZE       =   ----    ----
   PDATA SIZE       =   ----       3
   DATA SIZE        =   ----       2
   IDATA SIZE       =   ----    ----
   BIT SIZE         =   ----    ----
END OF MODULE INFORMATION.


C51 COMPILATION COMPLETE.  0 WARNING(S),  0 ERROR(S)
